../Core/Src/main.c:77:6:Timer_Interrupt_Handler	64	static
../Core/Src/main.c:96:6:User_Button_Interrupt_Handler	8	static
../Core/Src/main.c:105:6:Rotary_Encoder_Interrupt_Handler	16	static
../Core/Src/main.c:140:10:Get_ADC_Value	32	static
../Core/Src/main.c:167:5:main	8	static
../Core/Src/main.c:220:6:SystemClock_Config	128	static
../Core/Src/main.c:271:13:MX_ADC_Init	16	static
../Core/Src/main.c:335:13:MX_I2C1_Init	8	static
../Core/Src/main.c:383:13:MX_TIM6_Init	16	static
../Core/Src/main.c:421:13:MX_GPIO_Init	48	static
../Core/Src/main.c:465:6:Error_Handler	8	static,ignoring_inline_asm
